$ shelltest -noautoassert example/auto_assert.txt
0 tests, 0 failures
