$ shelltest example/hello.txt
..

2 tests, 0 failures
