$ shelltest example/regexp.txt
...

3 tests, 0 failures
