$ shelltest example/require.txt
..

2 tests, 0 failures
